fm-lint.sh: ShellCheck 0.11.0 (pinned 0.11.0)
fm-lint.sh: local mode; ShellCheck source following disabled (CI runs the full source-aware pass)
	Command being timed: "bin/fm-lint.sh bin/fm-watch.sh"
	User time (seconds): 2.29
	System time (seconds): 0.44
	Percent of CPU this job got: 98%
	Elapsed (wall clock) time (h:mm:ss or m:ss): 0:02.77
	Average shared text size (kbytes): 0
	Average unshared data size (kbytes): 0
	Average stack size (kbytes): 0
	Average total size (kbytes): 0
	Maximum resident set size (kbytes): 438656
	Average resident set size (kbytes): 0
	Major (requiring I/O) page faults: 0
	Minor (reclaiming a frame) page faults: 134012
	Voluntary context switches: 521
	Involuntary context switches: 1258
	Swaps: 0
	File system inputs: 0
	File system outputs: 56
	Socket messages sent: 0
	Socket messages received: 0
	Signals delivered: 0
	Page size (bytes): 4096
	Exit status: 0
